  Determining projects to restore...
  Restored D:\FYP\Development\FixItNepal\FixItNepal.csproj (in 564 ms).
D:\FYP\Development\FixItNepal\Views\Admin\VerifyProviders.cshtml(63,11): error RZ1026: Encountered end tag "div" with no matching start tag.  Are your start/end tags properly balanced? [D:\FYP\Development\FixItNepal\FixItNepal.csproj]
D:\FYP\Development\FixItNepal\ViewModels\ServiceItemViewModel.cs(12,23): warning CS8618: Non-nullable property 'Name' must contain a non-null value when exiting constructor. Consider adding the 'required' modifier or declaring the property as nullable. [D:\FYP\Development\FixItNepal\FixItNepal.csproj]
D:\FYP\Development\FixItNepal\ViewModels\ServiceItemViewModel.cs(15,23): warning CS8618: Non-nullable property 'Description' must contain a non-null value when exiting constructor. Consider adding the 'required' modifier or declaring the property as nullable. [D:\FYP\Development\FixItNepal\FixItNepal.csproj]
D:\FYP\Development\FixItNepal\ViewModels\ProviderRegistrationViewModel.cs(11,23): warning CS8618: Non-nullable property 'FullName' must contain a non-null value when exiting constructor. Consider adding the 'required' modifier or declaring the property as nullable. [D:\FYP\Development\FixItNepal\FixItNepal.csproj]
D:\FYP\Development\FixItNepal\ViewModels\ProviderRegistrationViewModel.cs(15,23): warning CS8618: Non-nullable property 'Email' must contain a non-null value when exiting constructor. Consider adding the 'required' modifier or declaring the property as nullable. [D:\FYP\Development\FixItNepal\FixItNepal.csproj]
D:\FYP\Development\FixItNepal\ViewModels\ProviderRegistrationViewModel.cs(20,23): warning CS8618: Non-nullable property 'Password' must contain a non-null value when exiting constructor. Consider adding the 'required' modifier or declaring the property as nullable. [D:\FYP\Development\FixItNepal\FixItNepal.csproj]
D:\FYP\Development\FixItNepal\ViewModels\ProviderRegistrationViewModel.cs(25,23): warning CS8618: Non-nullable property 'ConfirmPassword' must contain a non-null value when exiting constructor. Consider adding the 'required' modifier or declaring the property as nullable. [D:\FYP\Development\FixItNepal\FixItNepal.csproj]
D:\FYP\Development\FixItNepal\ViewModels\ProviderRegistrationViewModel.cs(28,23): warning CS8618: Non-nullable property 'Address' must contain a non-null value when exiting constructor. Consider adding the 'required' modifier or declaring the property as nullable. [D:\FYP\Development\FixItNepal\FixItNepal.csproj]
D:\FYP\Development\FixItNepal\ViewModels\ProviderRegistrationViewModel.cs(32,23): warning CS8618: Non-nullable property 'PhoneNumber' must contain a non-null value when exiting constructor. Consider adding the 'required' modifier or declaring the property as nullable. [D:\FYP\Development\FixItNepal\FixItNepal.csproj]
D:\FYP\Development\FixItNepal\ViewModels\ProviderRegistrationViewModel.cs(45,23): warning CS8618: Non-nullable property 'ServiceAreas' must contain a non-null value when exiting constructor. Consider adding the 'required' modifier or declaring the property as nullable. [D:\FYP\Development\FixItNepal\FixItNepal.csproj]
D:\FYP\Development\FixItNepal\ViewModels\ProviderRegistrationViewModel.cs(52,26): warning CS8618: Non-nullable property 'IdentificationDocument' must contain a non-null value when exiting constructor. Consider adding the 'required' modifier or declaring the property as nullable. [D:\FYP\Development\FixItNepal\FixItNepal.csproj]
D:\FYP\Development\FixItNepal\ViewModels\ProviderProfileViewModel.cs(10,23): warning CS8618: Non-nullable property 'FullName' must contain a non-null value when exiting constructor. Consider adding the 'required' modifier or declaring the property as nullable. [D:\FYP\Development\FixItNepal\FixItNepal.csproj]
D:\FYP\Development\FixItNepal\ViewModels\ProviderProfileViewModel.cs(13,23): warning CS8618: Non-nullable property 'PhoneNumber' must contain a non-null value when exiting constructor. Consider adding the 'required' modifier or declaring the property as nullable. [D:\FYP\Development\FixItNepal\FixItNepal.csproj]
D:\FYP\Development\FixItNepal\ViewModels\ProviderProfileViewModel.cs(15,23): warning CS8618: Non-nullable property 'Address' must contain a non-null value when exiting constructor. Consider adding the 'required' modifier or declaring the property as nullable. [D:\FYP\Development\FixItNepal\FixItNepal.csproj]
D:\FYP\Development\FixItNepal\ViewModels\CustomerRegistrationViewModel.cs(9,23): warning CS8618: Non-nullable property 'FullName' must contain a non-null value when exiting constructor. Consider adding the 'required' modifier or declaring the property as nullable. [D:\FYP\Development\FixItNepal\FixItNepal.csproj]
D:\FYP\Development\FixItNepal\ViewModels\CustomerRegistrationViewModel.cs(13,23): warning CS8618: Non-nullable property 'Email' must contain a non-null value when exiting constructor. Consider adding the 'required' modifier or declaring the property as nullable. [D:\FYP\Development\FixItNepal\FixItNepal.csproj]
D:\FYP\Development\FixItNepal\ViewModels\CustomerRegistrationViewModel.cs(17,23): warning CS8618: Non-nullable property 'Password' must contain a non-null value when exiting constructor. Consider adding the 'required' modifier or declaring the property as nullable. [D:\FYP\Development\FixItNepal\FixItNepal.csproj]
D:\FYP\Development\FixItNepal\ViewModels\CustomerRegistrationViewModel.cs(22,23): warning CS8618: Non-nullable property 'ConfirmPassword' must contain a non-null value when exiting constructor. Consider adding the 'required' modifier or declaring the property as nullable. [D:\FYP\Development\FixItNepal\FixItNepal.csproj]
D:\FYP\Development\FixItNepal\ViewModels\CustomerRegistrationViewModel.cs(25,23): warning CS8618: Non-nullable property 'Address' must contain a non-null value when exiting constructor. Consider adding the 'required' modifier or declaring the property as nullable. [D:\FYP\Development\FixItNepal\FixItNepal.csproj]
D:\FYP\Development\FixItNepal\ViewModels\CustomerRegistrationViewModel.cs(29,23): warning CS8618: Non-nullable property 'PhoneNumber' must contain a non-null value when exiting constructor. Consider adding the 'required' modifier or declaring the property as nullable. [D:\FYP\Development\FixItNepal\FixItNepal.csproj]
D:\FYP\Development\FixItNepal\ViewModels\CustomerProfileViewModel.cs(9,23): warning CS8618: Non-nullable property 'FullName' must contain a non-null value when exiting constructor. Consider adding the 'required' modifier or declaring the property as nullable. [D:\FYP\Development\FixItNepal\FixItNepal.csproj]
D:\FYP\Development\FixItNepal\ViewModels\CustomerProfileViewModel.cs(17,23): warning CS8618: Non-nullable property 'PhoneNumber' must contain a non-null value when exiting constructor. Consider adding the 'required' modifier or declaring the property as nullable. [D:\FYP\Development\FixItNepal\FixItNepal.csproj]
D:\FYP\Development\FixItNepal\ViewModels\CustomerProfileViewModel.cs(20,23): warning CS8618: Non-nullable property 'Address' must contain a non-null value when exiting constructor. Consider adding the 'required' modifier or declaring the property as nullable. [D:\FYP\Development\FixItNepal\FixItNepal.csproj]
D:\FYP\Development\FixItNepal\ViewModels\AdminDashboardViewModel.cs(17,23): warning CS8618: Non-nullable property 'UserName' must contain a non-null value when exiting constructor. Consider adding the 'required' modifier or declaring the property as nullable. [D:\FYP\Development\FixItNepal\FixItNepal.csproj]
D:\FYP\Development\FixItNepal\ViewModels\AdminDashboardViewModel.cs(18,23): warning CS8618: Non-nullable property 'Action' must contain a non-null value when exiting constructor. Consider adding the 'required' modifier or declaring the property as nullable. [D:\FYP\Development\FixItNepal\FixItNepal.csproj]
D:\FYP\Development\FixItNepal\ViewModels\AdminDashboardViewModel.cs(19,23): warning CS8618: Non-nullable property 'TimeAgo' must contain a non-null value when exiting constructor. Consider adding the 'required' modifier or declaring the property as nullable. [D:\FYP\Development\FixItNepal\FixItNepal.csproj]
D:\FYP\Development\FixItNepal\ViewModels\AdminDashboardViewModel.cs(20,23): warning CS8618: Non-nullable property 'StatusColor' must contain a non-null value when exiting constructor. Consider adding the 'required' modifier or declaring the property as nullable. [D:\FYP\Development\FixItNepal\FixItNepal.csproj]
D:\FYP\Development\FixItNepal\ViewModels\AdminDashboardViewModel.cs(21,23): warning CS8618: Non-nullable property 'StatusText' must contain a non-null value when exiting constructor. Consider adding the 'required' modifier or declaring the property as nullable. [D:\FYP\Development\FixItNepal\FixItNepal.csproj]
D:\FYP\Development\FixItNepal\Models\ServiceItem.cs(12,23): warning CS8618: Non-nullable property 'Name' must contain a non-null value when exiting constructor. Consider adding the 'required' modifier or declaring the property as nullable. [D:\FYP\Development\FixItNepal\FixItNepal.csproj]
D:\FYP\Development\FixItNepal\Models\ServiceItem.cs(15,23): warning CS8618: Non-nullable property 'Description' must contain a non-null value when exiting constructor. Consider adding the 'required' modifier or declaring the property as nullable. [D:\FYP\Development\FixItNepal\FixItNepal.csproj]
D:\FYP\Development\FixItNepal\Models\RegisterViewModel.cs(9,23): warning CS8618: Non-nullable property 'FullName' must contain a non-null value when exiting constructor. Consider adding the 'required' modifier or declaring the property as nullable. [D:\FYP\Development\FixItNepal\FixItNepal.csproj]
D:\FYP\Development\FixItNepal\Models\RegisterViewModel.cs(13,23): warning CS8618: Non-nullable property 'Email' must contain a non-null value when exiting constructor. Consider adding the 'required' modifier or declaring the property as nullable. [D:\FYP\Development\FixItNepal\FixItNepal.csproj]
D:\FYP\Development\FixItNepal\Models\RegisterViewModel.cs(18,23): warning CS8618: Non-nullable property 'Password' must contain a non-null value when exiting constructor. Consider adding the 'required' modifier or declaring the property as nullable. [D:\FYP\Development\FixItNepal\FixItNepal.csproj]
D:\FYP\Development\FixItNepal\Models\RegisterViewModel.cs(24,23): warning CS8618: Non-nullable property 'ConfirmPassword' must contain a non-null value when exiting constructor. Consider adding the 'required' modifier or declaring the property as nullable. [D:\FYP\Development\FixItNepal\FixItNepal.csproj]
D:\FYP\Development\FixItNepal\Models\RegisterViewModel.cs(27,23): warning CS8618: Non-nullable property 'Role' must contain a non-null value when exiting constructor. Consider adding the 'required' modifier or declaring the property as nullable. [D:\FYP\Development\FixItNepal\FixItNepal.csproj]
D:\FYP\Development\FixItNepal\Models\LoginViewModel.cs(9,23): warning CS8618: Non-nullable property 'Email' must contain a non-null value when exiting constructor. Consider adding the 'required' modifier or declaring the property as nullable. [D:\FYP\Development\FixItNepal\FixItNepal.csproj]
D:\FYP\Development\FixItNepal\Models\LoginViewModel.cs(13,23): warning CS8618: Non-nullable property 'Password' must contain a non-null value when exiting constructor. Consider adding the 'required' modifier or declaring the property as nullable. [D:\FYP\Development\FixItNepal\FixItNepal.csproj]
D:\FYP\Development\FixItNepal\Controllers\ServiceProviderController.cs(51,28): warning CS8601: Possible null reference assignment. [D:\FYP\Development\FixItNepal\FixItNepal.csproj]
D:\FYP\Development\FixItNepal\Controllers\ServiceProviderController.cs(52,31): warning CS8601: Possible null reference assignment. [D:\FYP\Development\FixItNepal\FixItNepal.csproj]
D:\FYP\Development\FixItNepal\Controllers\ServiceProviderController.cs(53,27): warning CS8601: Possible null reference assignment. [D:\FYP\Development\FixItNepal\FixItNepal.csproj]
D:\FYP\Development\FixItNepal\Program.cs(22,47): warning CS8604: Possible null reference argument for parameter 's' in 'byte[] Encoding.GetBytes(string s)'. [D:\FYP\Development\FixItNepal\FixItNepal.csproj]
D:\FYP\Development\FixItNepal\Controllers\AccountController.cs(48,37): warning CS8600: Converting null literal or possible null value to non-nullable type. [D:\FYP\Development\FixItNepal\FixItNepal.csproj]
D:\FYP\Development\FixItNepal\Controllers\AccountController.cs(117,37): warning CS8600: Converting null literal or possible null value to non-nullable type. [D:\FYP\Development\FixItNepal\FixItNepal.csproj]
D:\FYP\Development\FixItNepal\Controllers\ServiceController.cs(39,36): warning CS8600: Converting null literal or possible null value to non-nullable type. [D:\FYP\Development\FixItNepal\FixItNepal.csproj]
D:\FYP\Development\FixItNepal\Controllers\AdminController.cs(34,32): warning CS8601: Possible null reference assignment. [D:\FYP\Development\FixItNepal\FixItNepal.csproj]
D:\FYP\Development\FixItNepal\Controllers\AdminController.cs(49,32): warning CS8601: Possible null reference assignment. [D:\FYP\Development\FixItNepal\FixItNepal.csproj]
D:\FYP\Development\FixItNepal\Controllers\Api\AuthController.cs(38,48): warning CS8604: Possible null reference argument for parameter 'value' in 'Claim.Claim(string type, string value)'. [D:\FYP\Development\FixItNepal\FixItNepal.csproj]
D:\FYP\Development\FixItNepal\Controllers\Api\AuthController.cs(48,86): warning CS8604: Possible null reference argument for parameter 's' in 'byte[] Encoding.GetBytes(string s)'. [D:\FYP\Development\FixItNepal\FixItNepal.csproj]
D:\FYP\Development\FixItNepal\Controllers\CustomerController.cs(39,28): warning CS8601: Possible null reference assignment. [D:\FYP\Development\FixItNepal\FixItNepal.csproj]
D:\FYP\Development\FixItNepal\Controllers\CustomerController.cs(41,31): warning CS8601: Possible null reference assignment. [D:\FYP\Development\FixItNepal\FixItNepal.csproj]
D:\FYP\Development\FixItNepal\Controllers\CustomerController.cs(42,27): warning CS8601: Possible null reference assignment. [D:\FYP\Development\FixItNepal\FixItNepal.csproj]

Build FAILED.

D:\FYP\Development\FixItNepal\ViewModels\ServiceItemViewModel.cs(12,23): warning CS8618: Non-nullable property 'Name' must contain a non-null value when exiting constructor. Consider adding the 'required' modifier or declaring the property as nullable. [D:\FYP\Development\FixItNepal\FixItNepal.csproj]
D:\FYP\Development\FixItNepal\ViewModels\ServiceItemViewModel.cs(15,23): warning CS8618: Non-nullable property 'Description' must contain a non-null value when exiting constructor. Consider adding the 'required' modifier or declaring the property as nullable. [D:\FYP\Development\FixItNepal\FixItNepal.csproj]
D:\FYP\Development\FixItNepal\ViewModels\ProviderRegistrationViewModel.cs(11,23): warning CS8618: Non-nullable property 'FullName' must contain a non-null value when exiting constructor. Consider adding the 'required' modifier or declaring the property as nullable. [D:\FYP\Development\FixItNepal\FixItNepal.csproj]
D:\FYP\Development\FixItNepal\ViewModels\ProviderRegistrationViewModel.cs(15,23): warning CS8618: Non-nullable property 'Email' must contain a non-null value when exiting constructor. Consider adding the 'required' modifier or declaring the property as nullable. [D:\FYP\Development\FixItNepal\FixItNepal.csproj]
D:\FYP\Development\FixItNepal\ViewModels\ProviderRegistrationViewModel.cs(20,23): warning CS8618: Non-nullable property 'Password' must contain a non-null value when exiting constructor. Consider adding the 'required' modifier or declaring the property as nullable. [D:\FYP\Development\FixItNepal\FixItNepal.csproj]
D:\FYP\Development\FixItNepal\ViewModels\ProviderRegistrationViewModel.cs(25,23): warning CS8618: Non-nullable property 'ConfirmPassword' must contain a non-null value when exiting constructor. Consider adding the 'required' modifier or declaring the property as nullable. [D:\FYP\Development\FixItNepal\FixItNepal.csproj]
D:\FYP\Development\FixItNepal\ViewModels\ProviderRegistrationViewModel.cs(28,23): warning CS8618: Non-nullable property 'Address' must contain a non-null value when exiting constructor. Consider adding the 'required' modifier or declaring the property as nullable. [D:\FYP\Development\FixItNepal\FixItNepal.csproj]
D:\FYP\Development\FixItNepal\ViewModels\ProviderRegistrationViewModel.cs(32,23): warning CS8618: Non-nullable property 'PhoneNumber' must contain a non-null value when exiting constructor. Consider adding the 'required' modifier or declaring the property as nullable. [D:\FYP\Development\FixItNepal\FixItNepal.csproj]
D:\FYP\Development\FixItNepal\ViewModels\ProviderRegistrationViewModel.cs(45,23): warning CS8618: Non-nullable property 'ServiceAreas' must contain a non-null value when exiting constructor. Consider adding the 'required' modifier or declaring the property as nullable. [D:\FYP\Development\FixItNepal\FixItNepal.csproj]
D:\FYP\Development\FixItNepal\ViewModels\ProviderRegistrationViewModel.cs(52,26): warning CS8618: Non-nullable property 'IdentificationDocument' must contain a non-null value when exiting constructor. Consider adding the 'required' modifier or declaring the property as nullable. [D:\FYP\Development\FixItNepal\FixItNepal.csproj]
D:\FYP\Development\FixItNepal\ViewModels\ProviderProfileViewModel.cs(10,23): warning CS8618: Non-nullable property 'FullName' must contain a non-null value when exiting constructor. Consider adding the 'required' modifier or declaring the property as nullable. [D:\FYP\Development\FixItNepal\FixItNepal.csproj]
D:\FYP\Development\FixItNepal\ViewModels\ProviderProfileViewModel.cs(13,23): warning CS8618: Non-nullable property 'PhoneNumber' must contain a non-null value when exiting constructor. Consider adding the 'required' modifier or declaring the property as nullable. [D:\FYP\Development\FixItNepal\FixItNepal.csproj]
D:\FYP\Development\FixItNepal\ViewModels\ProviderProfileViewModel.cs(15,23): warning CS8618: Non-nullable property 'Address' must contain a non-null value when exiting constructor. Consider adding the 'required' modifier or declaring the property as nullable. [D:\FYP\Development\FixItNepal\FixItNepal.csproj]
D:\FYP\Development\FixItNepal\ViewModels\CustomerRegistrationViewModel.cs(9,23): warning CS8618: Non-nullable property 'FullName' must contain a non-null value when exiting constructor. Consider adding the 'required' modifier or declaring the property as nullable. [D:\FYP\Development\FixItNepal\FixItNepal.csproj]
D:\FYP\Development\FixItNepal\ViewModels\CustomerRegistrationViewModel.cs(13,23): warning CS8618: Non-nullable property 'Email' must contain a non-null value when exiting constructor. Consider adding the 'required' modifier or declaring the property as nullable. [D:\FYP\Development\FixItNepal\FixItNepal.csproj]
D:\FYP\Development\FixItNepal\ViewModels\CustomerRegistrationViewModel.cs(17,23): warning CS8618: Non-nullable property 'Password' must contain a non-null value when exiting constructor. Consider adding the 'required' modifier or declaring the property as nullable. [D:\FYP\Development\FixItNepal\FixItNepal.csproj]
D:\FYP\Development\FixItNepal\ViewModels\CustomerRegistrationViewModel.cs(22,23): warning CS8618: Non-nullable property 'ConfirmPassword' must contain a non-null value when exiting constructor. Consider adding the 'required' modifier or declaring the property as nullable. [D:\FYP\Development\FixItNepal\FixItNepal.csproj]
D:\FYP\Development\FixItNepal\ViewModels\CustomerRegistrationViewModel.cs(25,23): warning CS8618: Non-nullable property 'Address' must contain a non-null value when exiting constructor. Consider adding the 'required' modifier or declaring the property as nullable. [D:\FYP\Development\FixItNepal\FixItNepal.csproj]
D:\FYP\Development\FixItNepal\ViewModels\CustomerRegistrationViewModel.cs(29,23): warning CS8618: Non-nullable property 'PhoneNumber' must contain a non-null value when exiting constructor. Consider adding the 'required' modifier or declaring the property as nullable. [D:\FYP\Development\FixItNepal\FixItNepal.csproj]
D:\FYP\Development\FixItNepal\ViewModels\CustomerProfileViewModel.cs(9,23): warning CS8618: Non-nullable property 'FullName' must contain a non-null value when exiting constructor. Consider adding the 'required' modifier or declaring the property as nullable. [D:\FYP\Development\FixItNepal\FixItNepal.csproj]
D:\FYP\Development\FixItNepal\ViewModels\CustomerProfileViewModel.cs(17,23): warning CS8618: Non-nullable property 'PhoneNumber' must contain a non-null value when exiting constructor. Consider adding the 'required' modifier or declaring the property as nullable. [D:\FYP\Development\FixItNepal\FixItNepal.csproj]
D:\FYP\Development\FixItNepal\ViewModels\CustomerProfileViewModel.cs(20,23): warning CS8618: Non-nullable property 'Address' must contain a non-null value when exiting constructor. Consider adding the 'required' modifier or declaring the property as nullable. [D:\FYP\Development\FixItNepal\FixItNepal.csproj]
D:\FYP\Development\FixItNepal\ViewModels\AdminDashboardViewModel.cs(17,23): warning CS8618: Non-nullable property 'UserName' must contain a non-null value when exiting constructor. Consider adding the 'required' modifier or declaring the property as nullable. [D:\FYP\Development\FixItNepal\FixItNepal.csproj]
D:\FYP\Development\FixItNepal\ViewModels\AdminDashboardViewModel.cs(18,23): warning CS8618: Non-nullable property 'Action' must contain a non-null value when exiting constructor. Consider adding the 'required' modifier or declaring the property as nullable. [D:\FYP\Development\FixItNepal\FixItNepal.csproj]
D:\FYP\Development\FixItNepal\ViewModels\AdminDashboardViewModel.cs(19,23): warning CS8618: Non-nullable property 'TimeAgo' must contain a non-null value when exiting constructor. Consider adding the 'required' modifier or declaring the property as nullable. [D:\FYP\Development\FixItNepal\FixItNepal.csproj]
D:\FYP\Development\FixItNepal\ViewModels\AdminDashboardViewModel.cs(20,23): warning CS8618: Non-nullable property 'StatusColor' must contain a non-null value when exiting constructor. Consider adding the 'required' modifier or declaring the property as nullable. [D:\FYP\Development\FixItNepal\FixItNepal.csproj]
D:\FYP\Development\FixItNepal\ViewModels\AdminDashboardViewModel.cs(21,23): warning CS8618: Non-nullable property 'StatusText' must contain a non-null value when exiting constructor. Consider adding the 'required' modifier or declaring the property as nullable. [D:\FYP\Development\FixItNepal\FixItNepal.csproj]
D:\FYP\Development\FixItNepal\Models\ServiceItem.cs(12,23): warning CS8618: Non-nullable property 'Name' must contain a non-null value when exiting constructor. Consider adding the 'required' modifier or declaring the property as nullable. [D:\FYP\Development\FixItNepal\FixItNepal.csproj]
D:\FYP\Development\FixItNepal\Models\ServiceItem.cs(15,23): warning CS8618: Non-nullable property 'Description' must contain a non-null value when exiting constructor. Consider adding the 'required' modifier or declaring the property as nullable. [D:\FYP\Development\FixItNepal\FixItNepal.csproj]
D:\FYP\Development\FixItNepal\Models\RegisterViewModel.cs(9,23): warning CS8618: Non-nullable property 'FullName' must contain a non-null value when exiting constructor. Consider adding the 'required' modifier or declaring the property as nullable. [D:\FYP\Development\FixItNepal\FixItNepal.csproj]
D:\FYP\Development\FixItNepal\Models\RegisterViewModel.cs(13,23): warning CS8618: Non-nullable property 'Email' must contain a non-null value when exiting constructor. Consider adding the 'required' modifier or declaring the property as nullable. [D:\FYP\Development\FixItNepal\FixItNepal.csproj]
D:\FYP\Development\FixItNepal\Models\RegisterViewModel.cs(18,23): warning CS8618: Non-nullable property 'Password' must contain a non-null value when exiting constructor. Consider adding the 'required' modifier or declaring the property as nullable. [D:\FYP\Development\FixItNepal\FixItNepal.csproj]
D:\FYP\Development\FixItNepal\Models\RegisterViewModel.cs(24,23): warning CS8618: Non-nullable property 'ConfirmPassword' must contain a non-null value when exiting constructor. Consider adding the 'required' modifier or declaring the property as nullable. [D:\FYP\Development\FixItNepal\FixItNepal.csproj]
D:\FYP\Development\FixItNepal\Models\RegisterViewModel.cs(27,23): warning CS8618: Non-nullable property 'Role' must contain a non-null value when exiting constructor. Consider adding the 'required' modifier or declaring the property as nullable. [D:\FYP\Development\FixItNepal\FixItNepal.csproj]
D:\FYP\Development\FixItNepal\Models\LoginViewModel.cs(9,23): warning CS8618: Non-nullable property 'Email' must contain a non-null value when exiting constructor. Consider adding the 'required' modifier or declaring the property as nullable. [D:\FYP\Development\FixItNepal\FixItNepal.csproj]
D:\FYP\Development\FixItNepal\Models\LoginViewModel.cs(13,23): warning CS8618: Non-nullable property 'Password' must contain a non-null value when exiting constructor. Consider adding the 'required' modifier or declaring the property as nullable. [D:\FYP\Development\FixItNepal\FixItNepal.csproj]
D:\FYP\Development\FixItNepal\Controllers\ServiceProviderController.cs(51,28): warning CS8601: Possible null reference assignment. [D:\FYP\Development\FixItNepal\FixItNepal.csproj]
D:\FYP\Development\FixItNepal\Controllers\ServiceProviderController.cs(52,31): warning CS8601: Possible null reference assignment. [D:\FYP\Development\FixItNepal\FixItNepal.csproj]
D:\FYP\Development\FixItNepal\Controllers\ServiceProviderController.cs(53,27): warning CS8601: Possible null reference assignment. [D:\FYP\Development\FixItNepal\FixItNepal.csproj]
D:\FYP\Development\FixItNepal\Program.cs(22,47): warning CS8604: Possible null reference argument for parameter 's' in 'byte[] Encoding.GetBytes(string s)'. [D:\FYP\Development\FixItNepal\FixItNepal.csproj]
D:\FYP\Development\FixItNepal\Controllers\AccountController.cs(48,37): warning CS8600: Converting null literal or possible null value to non-nullable type. [D:\FYP\Development\FixItNepal\FixItNepal.csproj]
D:\FYP\Development\FixItNepal\Controllers\AccountController.cs(117,37): warning CS8600: Converting null literal or possible null value to non-nullable type. [D:\FYP\Development\FixItNepal\FixItNepal.csproj]
D:\FYP\Development\FixItNepal\Controllers\ServiceController.cs(39,36): warning CS8600: Converting null literal or possible null value to non-nullable type. [D:\FYP\Development\FixItNepal\FixItNepal.csproj]
D:\FYP\Development\FixItNepal\Controllers\AdminController.cs(34,32): warning CS8601: Possible null reference assignment. [D:\FYP\Development\FixItNepal\FixItNepal.csproj]
D:\FYP\Development\FixItNepal\Controllers\AdminController.cs(49,32): warning CS8601: Possible null reference assignment. [D:\FYP\Development\FixItNepal\FixItNepal.csproj]
D:\FYP\Development\FixItNepal\Controllers\Api\AuthController.cs(38,48): warning CS8604: Possible null reference argument for parameter 'value' in 'Claim.Claim(string type, string value)'. [D:\FYP\Development\FixItNepal\FixItNepal.csproj]
D:\FYP\Development\FixItNepal\Controllers\Api\AuthController.cs(48,86): warning CS8604: Possible null reference argument for parameter 's' in 'byte[] Encoding.GetBytes(string s)'. [D:\FYP\Development\FixItNepal\FixItNepal.csproj]
D:\FYP\Development\FixItNepal\Controllers\CustomerController.cs(39,28): warning CS8601: Possible null reference assignment. [D:\FYP\Development\FixItNepal\FixItNepal.csproj]
D:\FYP\Development\FixItNepal\Controllers\CustomerController.cs(41,31): warning CS8601: Possible null reference assignment. [D:\FYP\Development\FixItNepal\FixItNepal.csproj]
D:\FYP\Development\FixItNepal\Controllers\CustomerController.cs(42,27): warning CS8601: Possible null reference assignment. [D:\FYP\Development\FixItNepal\FixItNepal.csproj]
D:\FYP\Development\FixItNepal\Views\Admin\VerifyProviders.cshtml(63,11): error RZ1026: Encountered end tag "div" with no matching start tag.  Are your start/end tags properly balanced? [D:\FYP\Development\FixItNepal\FixItNepal.csproj]
    50 Warning(s)
    1 Error(s)

Time Elapsed 00:00:04.06
